python : C:\Users\hmahm\OneDriv
e\Desktop\LFSD Codebase\LFSD\ba
ckend\tests\reproduce_goal_pers
istence.py:57: 
DeprecationWarning: There is 
no current event loop
At line:1 char:1
+ python backend/tests/reproduc
e_goal_persistence.py > 
test_output.txt  ...
+ ~~~~~~~~~~~~~~~~~~~~~~~~~~~~~
~~~~~~~~~~~~~~~~~~~~~~~~~~~~~~~
~~~~~~~~~
    + CategoryInfo          :  
   NotSpecified: (C:\Users\hm  
  ahm\...rent event loop:Str   
 ing) [], RemoteException
    + FullyQualifiedErrorId :  
   NativeCommandError
 
  loop = 
asyncio.get_event_loop()
[SETUP] Initializing GeminiService
DEBUG: Initializing GeminiService...
DEBUG: Using Gemini Model: gemini-flash-latest
DEBUG: GeminiService Initialized Successfully
[ACTION] Sending Goal Request...
2025-12-23 21:42:29,371 - gemini_service - INFO - generate_response called (Viv Architecture V2)
DEBUG: Calling _load_viv_context
DEBUG: Querying User for user-123
DEBUG: User found: <models.models.User object at 0x000001B49F11E8D0>
DEBUG: viv_context loaded: dict_keys(['profile', 'viv_indexes', 'life_goals', 'preferences', 'crisis_mode', 'recent_health_data', 'confidence_scores', 'financial_snapshot'])
2025-12-23 21:42:29,401 - gemini_service - INFO - Detected intent: {'intent': 'set_goal', 'amount': 9999.0, 'goal_type': 'investment', 'original_text': 'Set an investment goal for 9999'}
DEBUG: Intent detected: {'intent': 'set_goal', 'amount': 9999.0, 'goal_type': 'investment', 'original_text': 'Set an investment goal for 9999'}
2025-12-23 21:42:29,402 - gemini_service - ERROR - Gemini API Error: too many values to unpack (expected 2)
2025-12-23 21:42:29,404 - gemini_service - ERROR - Traceback (most recent call last):
  File "C:\Users\hmahm\OneDrive\Desktop\LFSD Codebase\LFSD\backend\services\gemini_service.py", line 1024, in generate_response
    is_valid, message = validate_financial_goal(amount, financial_context)
    ^^^^^^^^^^^^^^^^^
ValueError: too many values to unpack (expected 2)

[RESULT] Service Response: {"type": "error", "text": "I'm having trouble connecting to my brain right now. Please try again later."}
[VERIFY] Checking LifeGoal table...
ÔØî FAILURE: Goal NOT found in database.
   - Total Goals in DB: 0
