Listing '.'...
Listing '.\\alembic'...
Listing '.\\alembic\\versions'...
Listing '.\\core'...
Listing '.\\dependencies'...
Listing '.\\models'...
Listing '.\\routes'...
Compiling '.\\routes\\api_routes_scores.py'...
***   File ".\routes\api_routes_scores.py", line 178
    debug_info = {
                 ^
SyntaxError: '{' was never closed

Compiling '.\\routes\\audit_routes.py'...
*** Sorry: IndentationError: unexpected indent (audit_routes.py, line 22)
Listing '.\\scripts'...
Compiling '.\\scripts\\seed_dev_users.py'...
*** Sorry: IndentationError: unindent does not match any outer indentation level (seed_dev_users.py, line 209)
Listing '.\\services'...
Listing '.\\services\\chat_service'...
Listing '.\\services\\chat_service\\db'...
Listing '.\\services\\chat_service\\schemas'...
Listing '.\\services\\financial_service'...
Listing '.\\services\\integrations'...
Listing '.\\services\\messaging'...
Listing '.\\services\\mobility'...
Listing '.\\services\\notification_service'...
Listing '.\\services\\partner_service'...
Listing '.\\services\\productivity'...
Listing '.\\services\\recommendation_service'...
Listing '.\\services\\recommendation_service\\controllers'...
Listing '.\\services\\travel_hospitality'...
Listing '.\\services\\user_management_service'...
Listing '.\\tests'...
