2025-12-23 20:14:58,711 INFO sqlalchemy.engine.Engine select pg_catalog.version()
2025-12-23 20:14:58,712 INFO sqlalchemy.engine.Engine [raw sql] {}
2025-12-23 20:14:58,952 INFO sqlalchemy.engine.Engine select current_schema()
2025-12-23 20:14:58,952 INFO sqlalchemy.engine.Engine [raw sql] {}
2025-12-23 20:14:59,174 INFO sqlalchemy.engine.Engine show standard_conforming_strings
2025-12-23 20:14:59,174 INFO sqlalchemy.engine.Engine [raw sql] {}
2025-12-23 20:14:59,531 INFO sqlalchemy.engine.Engine BEGIN (implicit)
2025-12-23 20:14:59,533 INFO sqlalchemy.engine.Engine INSERT INTO users (id, email, hashed_password, onboarding_status, onboarding_step, onboarding_version, password_reset_token, password_reset_expires, created_at, updated_at) VALUES (%(id)s, %(email)s, %(hashed_password)s, %(onboarding_status)s, %(onboarding_step)s, %(onboarding_version)s, %(password_reset_token)s, %(password_reset_expires)s, %(created_at)s, %(updated_at)s)
2025-12-23 20:14:59,533 INFO sqlalchemy.engine.Engine [generated in 0.00036s] {'id': '7d9a3883-bace-425a-8b89-0d2161988679', 'email': 'test_gov_7d9a3883@example.com', 'hashed_password': 'pw', 'onboarding_status': 'NOT_STARTED', 'onboarding_step': None, 'onboarding_version': 1, 'password_reset_token': None, 'password_reset_expires': None, 'created_at': datetime.datetime(2025, 12, 23, 18, 14, 59, 533963), 'updated_at': datetime.datetime(2025, 12, 23, 18, 14, 59, 533963)}
2025-12-23 20:14:59,778 INFO sqlalchemy.engine.Engine COMMIT
python : C:\Users\hmahm\OneDriv
e\Desktop\LFSD Codebase\LFSD\ba
ckend\tests\verify_governance.p
y:35: DeprecationWarning: 
There is no current event loop
At line:1 char:1
+ python 
tests/verify_governance.py > 
test_output.txt 2>&1
+ ~~~~~~~~~~~~~~~~~~~~~~~~~~~~~
~~~~~~~~~~~~~~~~~~~~~~~~~~~
    + CategoryInfo          :  
   NotSpecified: (C:\Users\hm  
  ahm\...rent event loop:Str   
 ing) [], RemoteException
    + FullyQualifiedErrorId :  
   NativeCommandError
 
  loop = 
asyncio.get_event_loop()
Created User: 7d9a3883-bace-425a-8b89-0d2161988679
2025-12-23 20:14:59,908 INFO sqlalchemy.engine.Engine BEGIN (implicit)
2025-12-23 20:14:59,918 INFO sqlalchemy.engine.Engine SELECT orders.id AS orders_id, orders.user_id AS orders_user_id, orders.transaction_id AS orders_transaction_id, orders.provider AS orders_provider, orders.service_type AS orders_service_type, orders.status AS orders_status, orders.amount_estimated AS orders_amount_estimated, orders.amount_final AS orders_amount_final, orders.currency AS orders_currency, orders.external_order_id AS orders_external_order_id, orders.idempotency_key AS orders_idempotency_key, orders.details_json AS orders_details_json, orders.error_message AS orders_error_message, orders.created_at AS orders_created_at, orders.updated_at AS orders_updated_at 
FROM orders 
WHERE orders.idempotency_key = %(idempotency_key_1)s 
 LIMIT %(param_1)s
2025-12-23 20:14:59,918 INFO sqlalchemy.engine.Engine [generated in 0.00061s] {'idempotency_key_1': 'test_key_4424f9c4-6d2e-4ad5-9c61-f36517b7eee9', 'param_1': 1}
Failed to persist PENDING order: (psycopg2.errors.UndefinedColumn) column orders.user_id does not exist
LINE 1: SELECT orders.id AS orders_id, orders.user_id AS orders_user...
                                       ^

[SQL: SELECT orders.id AS orders_id, orders.user_id AS orders_user_id, orders.transaction_id AS orders_transaction_id, orders.provider AS orders_provider, orders.service_type AS orders_service_type, orders.status AS orders_status, orders.amount_estimated AS orders_amount_estimated, orders.amount_final AS orders_amount_final, orders.currency AS orders_currency, orders.external_order_id AS orders_external_order_id, orders.idempotency_key AS orders_idempotency_key, orders.details_json AS orders_details_json, orders.error_message AS orders_error_message, orders.created_at AS orders_created_at, orders.updated_at AS orders_updated_at 
FROM orders 
WHERE orders.idempotency_key = %(idempotency_key_1)s 
 LIMIT %(param_1)s]
[parameters: {'idempotency_key_1': 'test_key_4424f9c4-6d2e-4ad5-9c61-f36517b7eee9', 'param_1': 1}]
(Background on this error at: https://sqlalche.me/e/20/f405)

Booking Result: {'success': False, 'error': 'System Error: Could not initialization order record.'}
2025-12-23 20:15:00,211 INFO sqlalchemy.engine.Engine ROLLBACK
Traceback (most recent call 
last):
  File "C:\Users\hmahm\OneDrive
\Desktop\LFSD Codebase\LFSD\bac
kend\tests\verify_governance.py
", line 101, in <module>
    test_governance_flow()
  File "C:\Users\hmahm\OneDrive
\Desktop\LFSD Codebase\LFSD\bac
kend\tests\verify_governance.py
", line 47, in 
test_governance_flow
    assert booking['success'] 
== True or booking.get('mock') 
== True, "Booking failed"
           ^^^^^^^^^^^^^^^^^^^^
^^^^^^^^^^^^^^^^^^^^^^^^^^^^^^^
^^^^^^
AssertionError: Booking failed
